// Jest Snapshot v1, https://goo.gl/fbAQLP

exports[`<Packages/> Should render: updates disabled. 1`] = `
"Snapshot Diff:
- First value
+ Second value

@@ -7,10 +7,26 @@
    </p>
    <div
      class=\\"card p-4 col-sm-12 col-lg-12 p-0 mb-4\\"
    >
      <form>
+       <div
+         class=\\"alert  alert-warning\\"
+       >
+         <span>
+           Please enable 
+           <a
+             href=\\"/reforis/package-management/update-settings\\"
+           >
+             automatic updates
+           </a>
+            to manage packages and languages.
+         </span>
+       </div>
+       <div
+         class=\\"text-muted\\"
+       >
          <h2>
            Languages List
          </h2>
          <div
            class=\\"container-fluid mb-3\\"
@@ -28,10 +44,11 @@
                    class=\\"custom-control custom-checkbox \\"
                  >
                    <input
                      checked=\\"\\"
                      class=\\"custom-control-input\\"
+                     disabled=\\"\\"
                      id=\\"1\\"
                      type=\\"checkbox\\"
                    />
                    <label
                      class=\\"custom-control-label\\"
@@ -51,10 +68,11 @@
                  <div
                    class=\\"custom-control custom-checkbox \\"
                  >
                    <input
                      class=\\"custom-control-input\\"
+                     disabled=\\"\\"
                      id=\\"2\\"
                      type=\\"checkbox\\"
                    />
                    <label
                      class=\\"custom-control-label\\"
@@ -74,10 +92,11 @@
                  <div
                    class=\\"custom-control custom-checkbox \\"
                  >
                    <input
                      class=\\"custom-control-input\\"
+                     disabled=\\"\\"
                      id=\\"3\\"
                      type=\\"checkbox\\"
                    />
                    <label
                      class=\\"custom-control-label\\"
@@ -97,10 +116,11 @@
                  <div
                    class=\\"custom-control custom-checkbox \\"
                  >
                    <input
                      class=\\"custom-control-input\\"
+                     disabled=\\"\\"
                      id=\\"4\\"
                      type=\\"checkbox\\"
                    />
                    <label
                      class=\\"custom-control-label\\"
@@ -120,10 +140,11 @@
                  <div
                    class=\\"custom-control custom-checkbox \\"
                  >
                    <input
                      class=\\"custom-control-input\\"
+                     disabled=\\"\\"
                      id=\\"5\\"
                      type=\\"checkbox\\"
                    />
                    <label
                      class=\\"custom-control-label\\"
@@ -143,10 +164,11 @@
                  <div
                    class=\\"custom-control custom-checkbox \\"
                  >
                    <input
                      class=\\"custom-control-input\\"
+                     disabled=\\"\\"
                      id=\\"6\\"
                      type=\\"checkbox\\"
                    />
                    <label
                      class=\\"custom-control-label\\"
@@ -166,10 +188,11 @@
                  <div
                    class=\\"custom-control custom-checkbox \\"
                  >
                    <input
                      class=\\"custom-control-input\\"
+                     disabled=\\"\\"
                      id=\\"7\\"
                      type=\\"checkbox\\"
                    />
                    <label
                      class=\\"custom-control-label\\"
@@ -189,10 +212,11 @@
                  <div
                    class=\\"custom-control custom-checkbox \\"
                  >
                    <input
                      class=\\"custom-control-input\\"
+                     disabled=\\"\\"
                      id=\\"8\\"
                      type=\\"checkbox\\"
                    />
                    <label
                      class=\\"custom-control-label\\"
@@ -212,10 +236,11 @@
                  <div
                    class=\\"custom-control custom-checkbox \\"
                  >
                    <input
                      class=\\"custom-control-input\\"
+                     disabled=\\"\\"
                      id=\\"9\\"
                      type=\\"checkbox\\"
                    />
                    <label
                      class=\\"custom-control-label\\"
@@ -235,10 +260,11 @@
                  <div
                    class=\\"custom-control custom-checkbox \\"
                  >
                    <input
                      class=\\"custom-control-input\\"
+                     disabled=\\"\\"
                      id=\\"10\\"
                      type=\\"checkbox\\"
                    />
                    <label
                      class=\\"custom-control-label\\"
@@ -258,10 +284,11 @@
                  <div
                    class=\\"custom-control custom-checkbox \\"
                  >
                    <input
                      class=\\"custom-control-input\\"
+                     disabled=\\"\\"
                      id=\\"11\\"
                      type=\\"checkbox\\"
                    />
                    <label
                      class=\\"custom-control-label\\"
@@ -272,15 +299,17 @@
                  </div>
                </div>
              </div>
            </div>
          </div>
+       </div>
        <div
          class=\\"text-right\\"
        >
          <button
            class=\\"btn btn-primary  col-sm-12 col-md-3 col-lg-2\\"
+           disabled=\\"\\"
            type=\\"submit\\"
          >
            Save
          </button>
        </div>"
`;

exports[`<Packages/> Should render: updates enabled. 1`] = `
<DocumentFragment>
  <h1>
    Languages
  </h1>
  <p>
    If you want to use another language other than English you can select it from the following list:
  </p>
  <div
    class="card p-4 col-sm-12 col-lg-12 p-0 mb-4"
  >
    <form>
      <h2>
        Languages List
      </h2>
      <div
        class="container-fluid mb-3"
      >
        <div
          class="row justify-content-start"
        >
          <div
            class="col-2 col-lg-1 mr-4"
          >
            <div
              class="form-group"
            >
              <div
                class="custom-control custom-checkbox "
              >
                <input
                  checked=""
                  class="custom-control-input"
                  id="1"
                  type="checkbox"
                />
                <label
                  class="custom-control-label"
                  for="1"
                >
                  CS
                </label>
              </div>
            </div>
          </div>
          <div
            class="col-2 col-lg-1 mr-4"
          >
            <div
              class="form-group"
            >
              <div
                class="custom-control custom-checkbox "
              >
                <input
                  class="custom-control-input"
                  id="2"
                  type="checkbox"
                />
                <label
                  class="custom-control-label"
                  for="2"
                >
                  DA
                </label>
              </div>
            </div>
          </div>
          <div
            class="col-2 col-lg-1 mr-4"
          >
            <div
              class="form-group"
            >
              <div
                class="custom-control custom-checkbox "
              >
                <input
                  class="custom-control-input"
                  id="3"
                  type="checkbox"
                />
                <label
                  class="custom-control-label"
                  for="3"
                >
                  DE
                </label>
              </div>
            </div>
          </div>
          <div
            class="col-2 col-lg-1 mr-4"
          >
            <div
              class="form-group"
            >
              <div
                class="custom-control custom-checkbox "
              >
                <input
                  class="custom-control-input"
                  id="4"
                  type="checkbox"
                />
                <label
                  class="custom-control-label"
                  for="4"
                >
                  FR
                </label>
              </div>
            </div>
          </div>
          <div
            class="col-2 col-lg-1 mr-4"
          >
            <div
              class="form-group"
            >
              <div
                class="custom-control custom-checkbox "
              >
                <input
                  class="custom-control-input"
                  id="5"
                  type="checkbox"
                />
                <label
                  class="custom-control-label"
                  for="5"
                >
                  LT
                </label>
              </div>
            </div>
          </div>
          <div
            class="col-2 col-lg-1 mr-4"
          >
            <div
              class="form-group"
            >
              <div
                class="custom-control custom-checkbox "
              >
                <input
                  class="custom-control-input"
                  id="6"
                  type="checkbox"
                />
                <label
                  class="custom-control-label"
                  for="6"
                >
                  PL
                </label>
              </div>
            </div>
          </div>
          <div
            class="col-2 col-lg-1 mr-4"
          >
            <div
              class="form-group"
            >
              <div
                class="custom-control custom-checkbox "
              >
                <input
                  class="custom-control-input"
                  id="7"
                  type="checkbox"
                />
                <label
                  class="custom-control-label"
                  for="7"
                >
                  RU
                </label>
              </div>
            </div>
          </div>
          <div
            class="col-2 col-lg-1 mr-4"
          >
            <div
              class="form-group"
            >
              <div
                class="custom-control custom-checkbox "
              >
                <input
                  class="custom-control-input"
                  id="8"
                  type="checkbox"
                />
                <label
                  class="custom-control-label"
                  for="8"
                >
                  SK
                </label>
              </div>
            </div>
          </div>
          <div
            class="col-2 col-lg-1 mr-4"
          >
            <div
              class="form-group"
            >
              <div
                class="custom-control custom-checkbox "
              >
                <input
                  class="custom-control-input"
                  id="9"
                  type="checkbox"
                />
                <label
                  class="custom-control-label"
                  for="9"
                >
                  HU
                </label>
              </div>
            </div>
          </div>
          <div
            class="col-2 col-lg-1 mr-4"
          >
            <div
              class="form-group"
            >
              <div
                class="custom-control custom-checkbox "
              >
                <input
                  class="custom-control-input"
                  id="10"
                  type="checkbox"
                />
                <label
                  class="custom-control-label"
                  for="10"
                >
                  IT
                </label>
              </div>
            </div>
          </div>
          <div
            class="col-2 col-lg-1 mr-4"
          >
            <div
              class="form-group"
            >
              <div
                class="custom-control custom-checkbox "
              >
                <input
                  class="custom-control-input"
                  id="11"
                  type="checkbox"
                />
                <label
                  class="custom-control-label"
                  for="11"
                >
                  NB
                </label>
              </div>
            </div>
          </div>
        </div>
      </div>
      <div
        class="text-right"
      >
        <button
          class="btn btn-primary  col-sm-12 col-md-3 col-lg-2"
          type="submit"
        >
          Save
        </button>
      </div>
    </form>
  </div>
</DocumentFragment>
`;
