// Jest Snapshot v1, https://goo.gl/fbAQLP

exports[`<PasswordInput/> Render number input 1`] = `
<div
  className="form-group row"
>
  <label
    className="form-control-label col-sm-2"
    htmlFor="1"
  >
    Test label
  </label>
  <div
    className="col-sm-9"
  >
    <input
      checked={true}
      className="form-control "
      id="1"
      type="password"
      value={1123}
    />
    <div
      className="invalid-feedback"
    />
    <small
      className="form-text text-muted"
    >
      Some help text
    </small>
  </div>
</div>
`;
