// Jest Snapshot v1, https://goo.gl/fbAQLP

exports[`<RadioSet/> Render radio set 1`] = `
<div
  className="form-group row"
  id="1"
>
  <div
    className="form-label col-sm-2"
  >
    <label
      className="form-label"
      htmlFor="1"
    >
      Radios set label
    </label>
  </div>
  <div
    className="col-sm-9"
  >
    <div
      className="form-check form-check-inline"
    >
      <input
        checked={true}
        className="form-check-input"
        id="test_name-0"
        name="test_name"
        type="radio"
        value="value"
      />
      <label
        className="form-check-label"
        htmlFor="test_name-0"
      >
        label
      </label>
    </div>
    <div
      className="form-check form-check-inline"
    >
      <input
        checked={false}
        className="form-check-input"
        id="test_name-1"
        name="test_name"
        type="radio"
        value="another value"
      />
      <label
        className="form-check-label"
        htmlFor="test_name-1"
      >
        another label
      </label>
    </div>
    <div
      className="form-check form-check-inline"
    >
      <input
        checked={false}
        className="form-check-input"
        id="test_name-2"
        name="test_name"
        type="radio"
        value="another on value"
      />
      <label
        className="form-check-label"
        htmlFor="test_name-2"
      >
        another one  label
      </label>
    </div>
    <small
      className="form-text text-muted"
    >
      Some help text
    </small>
  </div>
</div>
`;
