// Jest Snapshot v1, https://goo.gl/fbAQLP

exports[`<ConnectionTest/> Snapshot after connection test. 1`] = `
<form>
  <table
    class="table table-borderless table-hover offset-lg-3 col-lg-6 col-sm-12"
  >
    <tbody>
      <tr>
        <th
          scope="row"
        >
          IPv6 connectivity
        </th>
        <td>
          <div
            class="spinner-border spinner-border-sm text-secondary"
            role="status"
          >
            <span
              class="sr-only"
            />
          </div>
        </td>
      </tr>
      <tr>
        <th
          scope="row"
        >
          IPv6 gateway connectivity
        </th>
        <td>
          <div
            class="spinner-border spinner-border-sm text-secondary"
            role="status"
          >
            <span
              class="sr-only"
            />
          </div>
        </td>
      </tr>
      <tr>
        <th
          scope="row"
        >
          IPv4 connectivity
        </th>
        <td>
          <div
            class="spinner-border spinner-border-sm text-secondary"
            role="status"
          >
            <span
              class="sr-only"
            />
          </div>
        </td>
      </tr>
      <tr>
        <th
          scope="row"
        >
          IPv4 gateway connectivity
        </th>
        <td>
          <div
            class="spinner-border spinner-border-sm text-secondary"
            role="status"
          >
            <span
              class="sr-only"
            />
          </div>
        </td>
      </tr>
    </tbody>
  </table>
  <button
    class="btn btn-primary offset-lg-8 col-lg-3 col-sm-12"
    disabled=""
  >
    <span
      aria-hidden="true"
      class="spinner-border spinner-border-sm"
      role="status"
    />
     
     
     
    Test is running...
  </button>
</form>
`;

exports[`<ConnectionTest/> Snapshot before connection test. 1`] = `
<form>
  <button
    class="btn btn-primary offset-lg-8 col-lg-3 col-sm-12"
  >
     
     
    Test connection
  </button>
</form>
`;
