// Jest Snapshot v1, https://goo.gl/fbAQLP

exports[`<Select/> Test with snapshot. 1`] = `
<div>
  <div
    class="form-group row"
  >
    <label
      class="form-control-label col-sm-3"
      for="1"
    >
      Test label
    </label>
    <div
      class="col-sm-8"
    >
      <select
        class="form-control"
        id="1"
      >
        <option
          value="1"
        >
          one
        </option>
        <option
          value="2"
        >
          two
        </option>
        <option
          value="3"
        >
          three
        </option>
      </select>
      <small
        class="form-text text-muted"
      >
        Help text
      </small>
    </div>
  </div>
</div>
`;
