// Jest Snapshot v1, https://goo.gl/fbAQLP

exports[`<RebootDropdown/> Test with snapshot 1`] = `
<div>
  <div
    class="dropdown"
  >
    <button
      class="nav-item btn btn-link"
      id="reboot-dropdown-toggle"
      type="button"
    >
      <i
        class="fa fa-power-off fa-lg"
        style="color: red;"
      />
    </button>
    <div
      class="dropdown-menu"
    >
      <div
        class="dropdown-header"
      >
        <h5>
          Reboot required
        </h5>
      </div>
      <div
        class="dropdown-divider"
      />
      <div
        class="dropdown-item"
      >
        <a
          href="/notifications?id=808-909"
        >
          <button
            class="btn btn-primary mr-3"
            type="button"
          >
            Details
          </button>
        </a>
        <button
          class="btn btn-danger"
          type="button"
        >
           
           
          Reboot
        </button>
      </div>
    </div>
  </div>
</div>
`;
