// Jest Snapshot v1, https://goo.gl/fbAQLP

exports[`<DNS/> Test with snapshot DHCP. 1`] = `
"Snapshot Diff:
- First value
+ Second value

@@ -109,10 +109,34 @@
              This will enable your DNS resolver to place DHCP client's names among the local DNS records.
            </small>
          </div>
        </div>
        <div
+         class=\\"form-group\\"
+       >
+         <label
+           for=\\"7\\"
+         >
+           Domain of DHCP clients in DNS
+         </label>
+         <div
+           class=\\"input-group\\"
+         >
+           <input
+             class=\\"form-control\\"
+             id=\\"7\\"
+             type=\\"text\\"
+             value=\\"lan\\"
+           />
+         </div>
+         <small
+           class=\\"form-text text-muted\\"
+         >
+           This domain will be used as suffix. E.g. The result for client \\"android-123\\" and domain \\"my.lan\\" will be \\"android-123.my.lan\\".
+         </small>
+       </div>
+       <div
          class=\\"text-right\\"
        >
          <button
            class=\\"btn btn-primary  col-sm-12 col-md-3 col-lg-2\\"
            type=\\"submit\\""
`;

exports[`<DNS/> Test with snapshot forwarding. 1`] = `
"Snapshot Diff:
- First value
+ Second value

@@ -65,10 +65,187 @@
              Use forwarding
            </label>
          </div>
        </div>
        <div
+         class=\\"table-responsive\\"
+       >
+         <table
+           class=\\"table col-12\\"
+         >
+           <thead
+             class=\\"thead-light\\"
+           >
+             <tr>
+               <th>
+                 Forwarders
+               </th>
+               <th
+                 aria-label=\\"Actions\\"
+               />
+             </tr>
+           </thead>
+           <tbody>
+             <tr>
+               <td>
+                 <div
+                   class=\\"custom-control custom-radio\\"
+                 >
+                   <input
+                     checked=\\"\\"
+                     class=\\"custom-control-input\\"
+                     id=\\"provider_forwarder\\"
+                     name=\\"dns-forwarders\\"
+                     type=\\"radio\\"
+                     value=\\"provider_forwarder\\"
+                   />
+                   <label
+                     class=\\"custom-control-label\\"
+                     for=\\"provider_forwarder\\"
+                   >
+                     Use provider's DNS resolver
+                   </label>
+                 </div>
+               </td>
+               <td
+                 align=\\"right\\"
+               />
+             </tr>
+             <tr>
+               <td>
+                 <div
+                   class=\\"custom-control custom-radio\\"
+                 >
+                   <input
+                     class=\\"custom-control-input\\"
+                     id=\\"00_odvr-cznic\\"
+                     name=\\"dns-forwarders\\"
+                     type=\\"radio\\"
+                     value=\\"00_odvr-cznic\\"
+                   />
+                   <label
+                     class=\\"custom-control-label\\"
+                     for=\\"00_odvr-cznic\\"
+                   >
+                     CZ.NIC (TLS)
+                   </label>
+                 </div>
+               </td>
+               <td
+                 align=\\"right\\"
+               />
+             </tr>
+             <tr>
+               <td>
+                 <div
+                   class=\\"custom-control custom-radio\\"
+                 >
+                   <input
+                     class=\\"custom-control-input\\"
+                     id=\\"99_cloudflare\\"
+                     name=\\"dns-forwarders\\"
+                     type=\\"radio\\"
+                     value=\\"99_cloudflare\\"
+                   />
+                   <label
+                     class=\\"custom-control-label\\"
+                     for=\\"99_cloudflare\\"
+                   >
+                     Cloudflare (TLS)
+                   </label>
+                 </div>
+               </td>
+               <td
+                 align=\\"right\\"
+               />
+             </tr>
+             <tr>
+               <td>
+                 <div
+                   class=\\"custom-control custom-radio\\"
+                 >
+                   <input
+                     class=\\"custom-control-input\\"
+                     id=\\"99_google\\"
+                     name=\\"dns-forwarders\\"
+                     type=\\"radio\\"
+                     value=\\"99_google\\"
+                   />
+                   <label
+                     class=\\"custom-control-label\\"
+                     for=\\"99_google\\"
+                   >
+                     Google
+                   </label>
+                 </div>
+               </td>
+               <td
+                 align=\\"right\\"
+               />
+             </tr>
+             <tr>
+               <td>
+                 <div
+                   class=\\"custom-control custom-radio\\"
+                 >
+                   <input
+                     class=\\"custom-control-input\\"
+                     id=\\"custom_fwd\\"
+                     name=\\"dns-forwarders\\"
+                     type=\\"radio\\"
+                     value=\\"custom_fwd\\"
+                   />
+                   <label
+                     class=\\"custom-control-label\\"
+                     for=\\"custom_fwd\\"
+                   >
+                     Custom forwarder
+                   </label>
+                 </div>
+               </td>
+               <td
+                 align=\\"right\\"
+               >
+                 <div
+                   class=\\"btn-group mb-0\\"
+                   role=\\"group\\"
+                 >
+                   <button
+                     class=\\"btn btn-primary btn-sm\\"
+                     type=\\"button\\"
+                   >
+                     <i
+                       class=\\"fas fa-edit fa-sm mr-1\\"
+                     />
+                     Edit
+                   </button>
+                   <button
+                     class=\\"btn btn-danger btn-sm\\"
+                     type=\\"button\\"
+                   >
+                     <i
+                       class=\\"fas fa-trash fa-sm mr-1\\"
+                     />
+                     Delete
+                   </button>
+                 </div>
+               </td>
+             </tr>
+           </tbody>
+         </table>
+       </div>
+       <div
+         class=\\"text-right\\"
+       >
+         <button
+           class=\\"btn btn-outline-success btn mb-3 mb-sm-2 mb-md-0 col-sm-12 col-md-3 col-lg-2\\"
+           type=\\"button\\"
+         >
+           Add custom forwarder
+         </button>
+       </div>
+       <div
          class=\\"form-group\\"
        >
          <div
            class=\\"custom-control custom-checkbox \\"
          >"
`;

exports[`<DNS/> Test with snapshot. 1`] = `
<DocumentFragment>
  <h1>
    DNS
  </h1>
  <div>
    

    <p>
      Router Turris uses its own DNS resolver with DNSSEC support. It is capable of working independently or it
can forward your DNS queries your internet service provider's DNS resolver.
    </p>
    <p>
      

    </p>
    <p>
      The following setting determines the behavior of the DNS resolver. Usually, it is better to use the ISP's
resolver in networks where it works properly. If it does not work for some reason, it is necessary to use
direct resolving without forwarding.
    </p>
    <p>
      

    </p>
    <p>
      In rare cases ISP's have improperly configured network which interferes with DNSSEC validation. If you
experience problems with DNS, you can 
      <b>
        temporarily
      </b>
       disable DNSSEC validation to determine the source
of the problem. However, keep in mind that without DNSSEC validation, you are vulnerable to DNS spoofing
attacks! Therefore we 
      <b>
        recommend keeping DNSSEC turned on
      </b>
       and resolving the situation with your ISP as
this is a serious flaw on their side.
    </p>
    
            
  </div>
  <div
    class="card p-4 col-sm-12 col-lg-12 p-0 mb-4"
  >
    <form>
      <h2>
        DNS Settings
      </h2>
      <div
        class="form-group"
      >
        <div
          class="custom-control custom-switch custom-control-inline"
        >
          <input
            class="custom-control-input"
            id="1"
            type="checkbox"
          />
          <label
            class="custom-control-label"
            for="1"
          >
            Use forwarding
          </label>
        </div>
      </div>
      <div
        class="form-group"
      >
        <div
          class="custom-control custom-checkbox "
        >
          <input
            checked=""
            class="custom-control-input"
            id="2"
            type="checkbox"
          />
          <label
            class="custom-control-label"
            for="2"
          >
            Enable DNSSEC
          </label>
        </div>
      </div>
      <div
        class="form-group"
      >
        <div
          class="custom-control custom-switch"
        >
          <input
            class="custom-control-input"
            id="3"
            type="checkbox"
          />
          <label
            class="custom-control-label"
            for="3"
          >
            Enable DHCP clients in DNS
          </label>
          <small
            class="form-text text-muted mt-0 mb-3"
          >
            This will enable your DNS resolver to place DHCP client's names among the local DNS records.
          </small>
        </div>
      </div>
      <div
        class="text-right"
      >
        <button
          class="btn btn-primary  col-sm-12 col-md-3 col-lg-2"
          type="submit"
        >
          Save
        </button>
      </div>
    </form>
  </div>
  <h2>
    Connection Test
  </h2>
  <p>
    
Here you can test your internet connection. This test is also useful when you need to check that your DNS resolving 
works as expected. Remember to click on the 
    <b>
      Save button
    </b>
     if you changed your forwarder setting.
        
  </p>
  <div
    class="card p-4 mb-3"
  >
    <form>
      <table
        class="table table-borderless table-hover col-sm-12"
      >
        <tbody>
          <tr>
            <th
              scope="row"
            >
              DNS
            </th>
            <td
              class="text-right"
            >
              <span
                class="text-secondary"
              >
                <i
                  class="fas fa-minus"
                  title="Connection test not started"
                />
              </span>
            </td>
          </tr>
          <tr>
            <th
              scope="row"
            >
              DNSSEC
            </th>
            <td
              class="text-right"
            >
              <span
                class="text-secondary"
              >
                <i
                  class="fas fa-minus"
                  title="Connection test not started"
                />
              </span>
            </td>
          </tr>
        </tbody>
      </table>
      <div
        class="col-sm-12 col-lg-12 p-0 mb-0 text-right"
      >
        <button
          class="btn btn-primary col-sm-12 col-md-3 col-lg-2"
          type="submit"
        >
          Test connection
        </button>
      </div>
    </form>
  </div>
</DocumentFragment>
`;
