// Jest Snapshot v1, https://goo.gl/fbAQLP

exports[`<NotificationsDropdown/> Test with snapshot 1`] = `
<div>
  <div
    class="dropdown"
    id="notifications"
  >
    <button
      class="nav-item btn btn-link"
      id="notifications-btn"
      type="button"
    >
      <span
        class="fa-stack"
      >
        <i
          class="fas fa-bell fa-stack-1x"
        />
        <div
          class=""
          id="notifications-counter"
        >
          <div
            class="number"
          >
            3
          </div>
        </div>
      </span>
    </button>
    <div
      class="dropdown-menu dropdown-menu-right shadow-sm"
    >
      <div
        class="dropdown-header"
        id="notifications-header"
      >
        <a
          href="/overview#notifications"
        >
          <h5>
            Notifications
          </h5>
        </a>
        <a
          class="btn btn-link"
          href="/administration/notifications-settings"
        >
          <i
            class="fas fa-cog fa-fw"
          />
        </a>
      </div>
      <div
        class="dropdown-divider dropdown-divider-top"
      />
      <div
        class="scrollable-menu"
        data-simplebar="init"
      >
        <div
          class="simplebar-wrapper"
        >
          <div
            class="simplebar-height-auto-observer-wrapper"
          >
            <div
              class="simplebar-height-auto-observer"
            />
          </div>
          <div
            class="simplebar-mask"
          >
            <div
              class="simplebar-offset"
              style="right: 0px; bottom: 0px;"
            >
              <div
                class="simplebar-content-wrapper"
                style="height: auto; overflow-x: hidden; overflow-y: hidden;"
              >
                <div
                  class="simplebar-content"
                >
                  <div
                    class="dropdown-item notification-item"
                  >
                    <i
                      class="fa fa-newspaper fa-2x"
                    />
                    <div
                      class="notifications-info"
                    >
                      <a
                        href="/overview?id=123-123"
                      >
                        <small
                          class="text-muted"
                        >
                          February 1, 2000 12:00 AM
                        </small>
                        <p>
                          Notification message.
                        </p>
                      </a>
                    </div>
                    <button
                      class="btn btn-link dismiss"
                      type="button"
                    >
                      <i
                        class="fas fa-times"
                      />
                    </button>
                  </div>
                  <div
                    class="dropdown-divider"
                  />
                  <div
                    class="dropdown-item notification-item"
                  >
                    <i
                      class="fa fa-exclamation-circle fa-2x"
                    />
                    <div
                      class="notifications-info"
                    >
                      <a
                        href="/overview?id=123-124"
                      >
                        <small
                          class="text-muted"
                        >
                          February 1, 2000 12:00 AM
                        </small>
                        <p>
                          Second notification message.
                        </p>
                      </a>
                    </div>
                    <button
                      class="btn btn-link dismiss"
                      type="button"
                    >
                      <i
                        class="fas fa-times"
                      />
                    </button>
                  </div>
                  <div
                    class="dropdown-divider"
                  />
                  <div
                    class="dropdown-item notification-item"
                  >
                    <i
                      class="fa fa-power-off fa-2x"
                    />
                    <div
                      class="notifications-info"
                    >
                      <a
                        href="/overview?id=808-909"
                      >
                        <small
                          class="text-muted"
                        >
                          February 1, 2000 12:00 AM
                        </small>
                        <p>
                          Third notification message.
                        </p>
                      </a>
                    </div>
                    <button
                      class="btn btn-link dismiss invisible"
                      type="button"
                    >
                      <i
                        class="fas fa-times"
                      />
                    </button>
                  </div>
                </div>
              </div>
            </div>
          </div>
          <div
            class="simplebar-placeholder"
            style="width: 0px; height: 0px;"
          />
        </div>
        <div
          class="simplebar-track simplebar-horizontal"
          style="visibility: hidden;"
        >
          <div
            class="simplebar-scrollbar simplebar-visible"
            style="width: 0px; display: none;"
          />
        </div>
        <div
          class="simplebar-track simplebar-vertical"
          style="visibility: hidden;"
        >
          <div
            class="simplebar-scrollbar simplebar-visible"
            style="height: 0px; display: none;"
          />
        </div>
      </div>
      <div
        class="dropdown-divider dropdown-divider-bottom"
      />
      <div
        class="dropdown-footer"
        id="notifications-footer"
      >
        <button
          class="btn btn-link"
          type="button"
        >
          Dismiss all
        </button>
      </div>
    </div>
  </div>
</div>
`;
