// Jest Snapshot v1, https://goo.gl/fbAQLP

exports[`<NotificationsCenter/> Test with snapshot. 1`] = `
<h1>
  Notifications
  <button
    class="btn btn-outline-danger mt-2 float-right"
    id="btn-dismiss-all"
    type="button"
  >
    <i
      class="fas fa-trash"
    />
    Dismiss all
  </button>
</h1>
`;

exports[`<NotificationsCenter/> Test with spinner. 1`] = `
<div>
  <h1>
    Notifications
  </h1>
  <div
    id="notifications-center"
  >
    <div
      class="spinner-wrapper my-3 text-center"
    >
      <div
        class="spinner-border"
        role="status"
      >
        <span
          class="sr-only"
        />
      </div>
    </div>
  </div>
</div>
`;
