// Jest Snapshot v1, https://goo.gl/fbAQLP

exports[`<UpdateApproval/> No updates awaiting 1`] = `
<div>
  <p
    class="text-center text-muted"
  >
    There are no updates awaiting your approval.
  </p>
</div>
`;

exports[`<UpdateApproval/> Updates awaiting - snapshot 1`] = `
<div>
  <div
    class="card p-4 mb-4"
  >
    <h3>
      Approve Update From %s
    </h3>
    <p>
      There is %d package to be updated. See 
      <a
        aria-controls="plan-wrapper"
        aria-expanded="false"
        data-toggle="collapse"
        href="#plan-wrapper"
        role="button"
      >
        details
      </a>
    </p>
    <p>
      The updates are not going to be automatically installed before February 20, 2020 3:02 PM.
    </p>
    <p>
      If you don't want the updates to be installed at all, go to 
      <a
        href="/reforis/package-management/update-settings"
        title="Go to Update Settings"
      >
        Update Settings
      </a>
       and choose the option 
      <i>
        Update approval needed
      </i>
      .
    </p>
    <div
      class="collapse"
      data-testid="plan-wrapper"
      id="plan-wrapper"
    >
      <div
        class="table-responsive"
      >
        <table
          class="table table-hover"
        >
          <thead>
            <tr>
              <th
                scope="col"
              >
                Action
              </th>
              <th
                scope="col"
              >
                Name
              </th>
              <th
                scope="col"
              >
                Current
              </th>
              <th
                scope="col"
              >
                New
              </th>
            </tr>
          </thead>
          <tbody>
            <tr>
              <td>
                install
              </td>
              <td>
                PACKAGE
              </td>
              <td>
                1.0
              </td>
              <td>
                2.0
              </td>
            </tr>
          </tbody>
        </table>
      </div>
    </div>
    <div
      class="text-right"
    >
      <button
        class="btn btn-primary col-sm-12 col-md-3 col-lg-2 mt-3 mt-lg-0"
        type="button"
      >
        Install now
      </button>
    </div>
  </div>
</div>
`;

exports[`<UpdateApproval/> Updates resolution - spinner 1`] = `
<div>
  <div
    class="spinner-wrapper text-center"
  >
    <div
      class="spinner-border"
      role="status"
    >
      <span
        class="sr-only"
      />
    </div>
  </div>
</div>
`;
