// Jest Snapshot v1, https://goo.gl/fbAQLP

exports[`<GuideNavigation/> Snapshot. 1`] = `
<div>
  <ul
    class="list-unstyled"
  >
    <li>
      <a
        class="passed "
        href="/password"
      >
        <i
          class="fas fa-angle-right mr-2"
        />
        Password
      </a>
    </li>
    <li>
      <a
        class="passed "
        href="/profile"
      >
        <i
          class="fas fa-angle-right mr-2"
        />
        Workflow
      </a>
    </li>
    <li>
      <a
        class=" next"
        href="/networks"
      >
        <i
          class="fas fa-angle-right mr-2"
        />
        Interfaces
      </a>
    </li>
    <li>
      <a>
        <i
          class="fas fa-angle-right mr-2"
        />
        WAN
      </a>
    </li>
    <li>
      <a>
        <i
          class="fas fa-angle-right mr-2"
        />
        Time
      </a>
    </li>
    <li>
      <a>
        <i
          class="fas fa-angle-right mr-2"
        />
        DNS
      </a>
    </li>
    <li>
      <a>
        <i
          class="fas fa-angle-right mr-2"
        />
        Updates
      </a>
    </li>
    <li>
      <a>
        <i
          class="fas fa-angle-right mr-2"
        />
        Finish
      </a>
    </li>
  </ul>
</div>
`;
