// Jest Snapshot v1, https://goo.gl/fbAQLP

exports[`<Guide/>  Snapshot. Just check if render correct page. 1`] = `
<div>
  <h1>
    Network interfaces
  </h1>
  <p>
    
Here you can configure the settings of the network interfaces on your device. You can switch the physical
network interfaces among networks. If you are unsure what to set here use the default settings.
        
  </p>
  <h4>
    WAN
  </h4>
  <p>
    
It acts as an external network connection. Firewall rules should be applied here. It can only contain a
single interface.
        
  </p>
  <h4>
    LAN
  </h4>
  <p>
    
It acts as a local network connection. LAN should contain devices which are under your control and you
trust them. These devices can see each other and can access this web interface. It is recommended that the
LAN should contain at least one interface otherwise you might not be able to configure this device in an
easy way.
        
  </p>
  <h4>
    Guest network
  </h4>
  <p>
    
It acts as a local network connection. Unlike LAN the devices in the guest network can't access
the configuration interface of this device and are only able to access WAN (internet). This network should
be used for devices which you don't fully trust. Note that you can also limit download/upload speed of the
devices connected to the guest network.
        
  </p>
  <form>
    <h3>
      WAN
    </h3>
    <div
      class="network mb-3"
    >
      <div
        class="scrollable"
      >
        <button
          class="interface "
          type="button"
        >
          <div>
            <span
              class="fa-stack fa-2x"
            >
              <i
                class="far fa-square fa-stack-2x"
              />
              <i
                class="fas fa-ethernet fa-stack-1x"
              />
            </span>
          </div>
          <h5>
            WAN
          </h5>
        </button>
      </div>
    </div>
    <h3>
      LAN
    </h3>
    <div
      class="network mb-3"
    >
      <div
        class="scrollable"
      >
        <button
          class="interface "
          type="button"
        >
          <div>
            <span
              class="fa-stack fa-2x"
            >
              <i
                class="far fa-square fa-stack-2x"
              />
              <i
                class="fas fa-ethernet fa-stack-1x"
                style="color: lightgrey;"
              />
            </span>
          </div>
          <h5>
            LAN3
          </h5>
        </button>
      </div>
    </div>
    <h3>
      Guest Network
    </h3>
    <div
      class="network mb-3"
    >
      <div
        class="scrollable"
      >
        <button
          class="interface "
          type="button"
        >
          <div>
            <span
              class="fa-stack fa-2x"
            >
              <i
                class="far fa-square fa-stack-2x"
              />
              <i
                class="fas fa-ethernet fa-stack-1x"
                style="color: lightgrey;"
              />
            </span>
          </div>
          <h5>
            LAN1
          </h5>
        </button>
        <button
          class="interface "
          type="button"
        >
          <div>
            <span
              class="fa-stack fa-2x"
            >
              <i
                class="far fa-square fa-stack-2x"
              />
              <i
                class="fas fa-ethernet fa-stack-1x"
                style="color: lightgrey;"
              />
            </span>
          </div>
          <h5>
            LAN4
          </h5>
        </button>
      </div>
    </div>
    <h3>
      Unassigned
    </h3>
    <div
      class="network mb-3"
    >
      <div
        class="scrollable"
      >
        <button
          class="interface "
          type="button"
        >
          <div>
            <span
              class="fa-stack fa-2x"
            >
              <i
                class="far fa-square fa-stack-2x"
              />
              <i
                class="fas fa-ethernet fa-stack-1x"
                style="color: lightgrey;"
              />
            </span>
          </div>
          <h5>
            LAN0
          </h5>
        </button>
        <button
          class="interface "
          type="button"
        >
          <div>
            <span
              class="fa-stack fa-2x"
            >
              <i
                class="far fa-square fa-stack-2x"
              />
              <i
                class="fas fa-ethernet fa-stack-1x"
                style="color: lightgrey;"
              />
            </span>
          </div>
          <h5>
            LAN2
          </h5>
        </button>
        <button
          class="interface "
          type="button"
        >
          <div
            style="color: gray;"
          >
            <span
              class="fa-stack fa-2x"
            >
              <i
                class="fas fa-wifi fa-stack-1x"
              />
              <i
                class="fas fa-slash fa-stack-1x fa-inverse"
              />
              <i
                class="fas fa-slash fa-stack-1x"
                style="bottom: 0.3rem;"
              />
            </span>
          </div>
          <h5>
            1
          </h5>
        </button>
      </div>
    </div>
    <button
      class="btn btn-primary  offset-lg-8 col-lg-3 col-sm-12"
    >
       
       
      Save
    </button>
  </form>
</div>
`;
