// Jest Snapshot v1, https://goo.gl/fbAQLP

exports[`<GuideFinish/> and useGuideFinish hook Snapshot. 1`] = `
<div>
  <h2>
    Guide Finished
  </h2>
  <p>
    
Congratulations! You've successfully reached the end of this guide. Once you leave this guide you'll be granted access 
to the full configuration interface of this device.

To further improve your security consider enabling data collect (start by selecting it in updater tab).
This will allow you to be part of our security research to discover new attackers and it will also give you access to 
dynamic updates to your firewall to block all already known attackers.
            
  </p>
  <button
    class="btn btn-primary  col-sm-12 col-lg-3"
    type="button"
  >
     
     
    Continue
  </button>
</div>
`;
