// Jest Snapshot v1, https://goo.gl/fbAQLP

exports[`<WorkflowSelect/> Snapshot. 1`] = `
<div>
  <h1>
    Guide Workflow
  </h1>
  <p>
    Here you can set the guide walkthrough which will guide you through the basic configuration of your device.
  </p>
  <div
    class="card p-4 text-center"
    id="workflow-selector"
  >
    <div
      class="workflow"
    >
      <h2>
        Router
      </h2>
      <button
        class="btn btn-outline-secondary"
        type="button"
      >
        <img
          alt="router"
          src="/reforis/static/reforis/imgs/workflow-router.svg"
        />
      </button>
      <p>
        After you finish this workflow your device will be able to act as a fully functional router. It assumes that you want to have more or less standard network setup.
      </p>
    </div>
    <div
      class="workflow"
    >
      <h2>
        Minimal
      </h2>
      <button
        class="btn btn-outline-secondary"
        type="button"
      >
        <img
          alt="min"
          src="/reforis/static/reforis/imgs/workflow-min.svg"
        />
      </button>
      <p>
        Just set your password and you are ready to go. This workflow is aimed to more advanced users who intend not to use the web GUI.
      </p>
    </div>
    <div
      class="workflow"
    >
      <h2>
        Local Server
      </h2>
      <button
        class="btn btn-outline-secondary"
        type="button"
      >
        <img
          alt="bridge"
          src="/reforis/static/reforis/imgs/workflow-bridge.svg"
        />
      </button>
      <p>
        This workflow will help you to setup your device to act as a local server. It means that the device will provide some kind of service to other devices within your local network (e.g. act as a network-attached storage).
      </p>
    </div>
  </div>
</div>
`;
